2026-09-30T15:27:00	none-connect	round start
2026-09-30T11:27:01.206Z	none-connect	observer	launch pid 20663
2026-09-30T11:27:01.272Z	none-connect	observer	output AirPods
2026-09-30T11:27:11.037Z	none-connect	observer	output MacBook Air Speakers
2026-09-30T11:27:26.519Z	none-connect	observer	output AirPods
2026-09-30T15:27:32	none-connect	round end, commands: none, Music: no, output: AirPods>MacBook Air Speakers>AirPods
2026-09-30T15:27:32	none-press	round start
2026-09-30T11:27:33.339Z	none-press	observer	launch pid 20750
2026-09-30T11:27:33.405Z	none-press	observer	output AirPods
2026-09-30T11:27:42.126Z	none-press	observer	Music launched
2026-09-30T15:27:43	none-press	round end, commands: none, Music: yes, output: AirPods
2026-09-30T15:27:51	home-connect	round start
2026-09-30T11:27:51.592Z	home-connect	home	launch pid 20793
2026-09-30T11:27:51.658Z	home-connect	home	output AirPods
2026-09-30T11:27:51.660Z	home-connect	home	state playing
2026-09-30T11:27:52.181Z	home-connect	home	state paused
2026-09-30T11:28:00.388Z	home-connect	home	command pause
2026-09-30T11:28:02.191Z	home-connect	home	output MacBook Air Speakers
2026-09-30T11:28:02.265Z	home-connect	home	command pause
2026-09-30T11:28:11.966Z	home-connect	home	output AirPods
2026-09-30T15:28:22	home-connect	round end, commands: pause,pause, Music: no, output: AirPods>MacBook Air Speakers>AirPods
2026-09-30T15:28:22	home-press	round start
2026-09-30T11:28:22.574Z	home-press	home	launch pid 20834
2026-09-30T11:28:22.633Z	home-press	home	output AirPods
2026-09-30T11:28:22.635Z	home-press	home	state playing
2026-09-30T11:28:23.159Z	home-press	home	state paused
2026-09-30T11:28:26.628Z	home-press	home	command play
2026-09-30T15:28:32	home-press	round end, commands: play, Music: no, output: AirPods
2026-09-30T15:28:32	home-ear	round start
2026-09-30T11:28:32.644Z	home-ear	home	launch pid 20866
2026-09-30T11:28:32.709Z	home-ear	home	output AirPods
2026-09-30T11:28:32.711Z	home-ear	home	state playing
2026-09-30T11:28:33.227Z	home-ear	home	state paused
2026-09-30T11:28:39.952Z	home-ear	home	command pause
2026-09-30T15:28:50	home-ear	round end, commands: pause, Music: no, output: AirPods
2026-09-30T15:29:03	bside-ear	round start
2026-09-30T15:29:19	bside-ear	B-Side: remote system pause,paused 2s,remote page pause, same press, ignored,remote system play,playing,remote page play, same press, ignored
2026-09-30T15:29:19	bside-ear	round end, commands: remote system pause,paused 2s,remote page pause, same press, ignored,remote system play,playing,remote page play, same press, ignored, Music: no, output: -
2026-09-30T15:29:19	bside-press	round start
2026-09-30T15:29:32	bside-press	B-Side: remote system pause,paused 15s,remote page pause, same press, ignored,remote system play,playing,remote page play, same press, ignored,remote page pause,paused 18s
2026-09-30T15:29:32	bside-press	round end, commands: remote system pause,paused 15s,remote page pause, same press, ignored,remote system play,playing,remote page play, same press, ignored,remote page pause,paused 18s, Music: no, output: -
