2026-09-30T17:22:27	start	web client 1.20260927.17.00	android 7.21.50, 8.30.54	40 tracks
2026-09-30T17:22:34	Blinding Lights The Weeknd	ATV	page yes	web plain yes	android timed 7.21.50,8.30.54	lrclib yes	offset 130 ms over 33 lines
2026-09-30T17:22:40	Shape of You Ed Sheeran	ATV	page yes	web plain yes	android timed 7.21.50,8.30.54	lrclib yes	offset 170 ms over 50 lines
2026-09-30T17:22:47	bad guy Billie Eilish	ATV	page yes	web plain yes	android timed 7.21.50,8.30.54	lrclib yes	offset -10 ms over 49 lines
2026-09-30T17:22:53	Levitating Dua Lipa	ATV	page yes	web plain yes	android timed 7.21.50,8.30.54	lrclib yes	offset 170 ms over 27 lines
2026-09-30T17:23:00	As It Was Harry Styles	ATV	page yes	web plain yes	android timed 7.21.50,8.30.54	lrclib yes	offset 90 ms over 36 lines
2026-09-30T17:23:06	Anti-Hero Taylor Swift	ATV	page yes	web plain yes	android timed 7.21.50,8.30.54	lrclib yes	offset -10 ms over 38 lines
2026-09-30T17:23:12	Espresso Sabrina Carpenter	ATV	page yes	web plain yes	android timed 7.21.50,8.30.54	lrclib yes	offset -20 ms over 37 lines
2026-09-30T17:23:19	Bohemian Rhapsody Queen	ATV	page yes	web plain yes	android timed 7.21.50,8.30.54	lrclib yes	offset 110 ms over 41 lines
2026-09-30T17:23:25	Smells Like Teen Spirit Nirvana	ATV	page yes	web plain yes	android timed 7.21.50,8.30.54	lrclib yes	offset 440 ms over 36 lines
2026-09-30T17:23:31	Hotel California Eagles	ATV	page yes	web plain no	android timed no	lrclib yes	
2026-09-30T17:23:38	Wonderwall Oasis	ATV	page yes	web plain yes	android timed 7.21.50,8.30.54	lrclib yes	offset -1750 ms over 31 lines
2026-09-30T17:23:45	Billie Jean Michael Jackson	ATV	page yes	web plain yes	android timed 7.21.50,8.30.54	lrclib yes	offset -20 ms over 21 lines
2026-09-30T17:23:51	Hey Jude The Beatles	ATV	page yes	web plain yes	android timed 7.21.50,8.30.54	lrclib yes	offset -380 ms over 22 lines
2026-09-30T17:24:00	Take On Me a-ha	ATV	page yes	web plain yes	android timed 7.21.50,8.30.54	lrclib yes	offset -105 ms over 14 lines
2026-09-30T17:24:08	SICKO MODE Travis Scott	ATV	page yes	web plain yes	android timed 7.21.50,8.30.54	lrclib yes	offset -75 ms over 46 lines
2026-09-30T17:24:15	HUMBLE. Kendrick Lamar	ATV	page yes	web plain yes	android timed 7.21.50,8.30.54	lrclib yes	offset 10 ms over 24 lines
2026-09-30T17:24:21	Lose Yourself Eminem	ATV	page yes	web plain no	android timed no	lrclib yes	
2026-09-30T17:24:27	God's Plan Drake	ATV	page yes	web plain yes	android timed 7.21.50,8.30.54	lrclib yes	offset 0 ms over 51 lines
2026-09-30T17:24:34	Plug Walk Rich The Kid	ATV	page yes	web plain yes	android timed 7.21.50,8.30.54	lrclib yes	offset -1080 ms over 36 lines
2026-09-30T17:24:41	Каста Вокруг шум	ATV	page yes	web plain yes	android timed 7.21.50,8.30.54	lrclib yes	offset 0 ms over 79 lines
2026-09-30T17:24:48	Кино Группа крови	ATV	page yes	web plain yes	android timed no	lrclib yes	
2026-09-30T17:24:55	Земфира Хочешь	ATV	page yes	web plain yes	android timed 7.21.50,8.30.54	lrclib yes	offset -110 ms over 19 lines
2026-09-30T17:25:02	Сплин Выхода нет	ATV	page yes	web plain yes	android timed 7.21.50,8.30.54	lrclib yes	offset 0 ms over 35 lines
2026-09-30T17:25:11	Баста Сансара	ATV	page yes	web plain yes	android timed 7.21.50,8.30.54	lrclib no (503)	offset -1060 ms over 27 lines
2026-09-30T17:25:17	Мумий Тролль Владивосток 2000	ATV	page yes	web plain yes	android timed 7.21.50,8.30.54	lrclib yes	offset 0 ms over 34 lines
2026-09-30T17:25:24	Макс Корж Малиновый закат	ATV	page yes	web plain yes	android timed 7.21.50,8.30.54	lrclib yes	offset 10 ms over 19 lines
2026-09-30T17:25:33	Монеточка Каждый раз	ATV	page yes	web plain yes	android timed 7.21.50,8.30.54	lrclib no (503)	offset 170 ms over 43 lines
2026-09-30T17:25:41	ЛСП Монетка	ATV	page yes	web plain yes	android timed 7.21.50,8.30.54	lrclib no (404)	
2026-09-30T17:25:48	Dynamite BTS	ATV	page yes	web plain yes	android timed 7.21.50,8.30.54	lrclib yes	offset 290 ms over 56 lines
2026-09-30T17:25:55	How You Like That BLACKPINK	ATV	page yes	web plain yes	android timed 7.21.50,8.30.54	lrclib yes	offset -30 ms over 21 lines
2026-09-30T17:26:02	Super Shy NewJeans	ATV	page yes	web plain yes	android timed 7.21.50,8.30.54	lrclib yes	offset -400 ms over 19 lines
2026-09-30T17:26:08	Despacito Luis Fonsi	ATV	page yes	web plain yes	android timed 7.21.50,8.30.54	lrclib yes	
2026-09-30T17:26:15	Tití Me Preguntó Bad Bunny	ATV	page yes	web plain yes	android timed 7.21.50,8.30.54	lrclib yes	offset -380 ms over 29 lines
2026-09-30T17:26:21	Alors on danse Stromae	ATV	page yes	web plain yes	android timed 7.21.50,8.30.54	lrclib yes	offset 0 ms over 61 lines
2026-09-30T17:26:46	Du hast Rammstein	not found
2026-09-30T17:27:02	Gangnam Style PSY official video	UGC	page yes	web plain no	android timed no	lrclib no (404)	
2026-09-30T17:27:10	Rick Astley Never Gonna Give You Up official video	OMV	page yes	web plain no	android timed no	lrclib yes	
2026-09-30T17:27:18	The Weeknd Blinding Lights official video	OMV	page yes	web plain no	android timed no	lrclib yes	
2026-09-30T17:27:27	Queen Bohemian Rhapsody Live Aid 1985	UGC	page yes	web plain no	android timed no	lrclib no (404)	
2026-09-30T17:27:36	Nirvana Where Did You Sleep Last Night MTV Unplugged	OMV	page yes	web plain no	android timed no	lrclib no (503)	
